Microchip MPLAB XC8 Compiler V1.33 ()

Linker command line:

--edf=C:\Program Files (x86)\Microchip\xc8\v1.33\dat\en_msgs.txt -cs \
  -h+dist/default/production\homework2020.X.production.sym \
  --cmf=dist/default/production\homework2020.X.production.cmf -z -Q18F45K22 \
  -oC:\Users\ABDULR~1\AppData\Local\Temp\si40.6 \
  -Mdist/default/production/homework2020.X.production.map -E1 -ver=XC8 \
  -ASTACK=0146h-05ffh -pstack=STACK -ACODE=00h-07FFFh -ACONST=00h-07FFFh \
  -ASMALLCONST=0600h-06FFhx122 -AMEDIUMCONST=0600h-07FFFh -ACOMRAM=01h-05Fh \
  -AABS1=00h-05FFh -ABIGRAM=01h-05FFh -ARAM=060h-0FFh,0100h-01FFhx5 \
  -ABANK0=060h-0FFh -ABANK1=0100h-01FFh -ABANK2=0200h-02FFh \
  -ABANK3=0300h-03FFh -ABANK4=0400h-04FFh -ABANK5=0500h-05FFh \
  -ASFR=0F38h-0F5Fh,0F60h-0FFFh \
  -preset_vec=00h,intcode=08h,intcodelo,powerup,init,end_init \
  -pramtop=0600h -psmallconst=SMALLCONST -pmediumconst=MEDIUMCONST \
  -pconst=CONST -AFARRAM=00h-00h -ACONFIG=0300000h-030000Dh -pconfig=CONFIG \
  -AIDLOC=0200000h-0200007h -pidloc=IDLOC -AEEDATA=0F00000h-0F000FFh \
  -peeprom_data=EEDATA \
  -prdata=COMRAM,nvrram=COMRAM,nvbit=COMRAM,rbss=COMRAM,rbit=COMRAM \
  -pfarbss=FARRAM,fardata=FARRAM,nvFARRAM=FARRAM \
  -pintsave_regs=BIGRAM,bigbss=BIGRAM,bigdata=BIGRAM -pbss=RAM \
  -pidata=CODE,irdata=CODE,ibigdata=CODE,ifardata=CODE \
  C:\Users\ABDULR~1\AppData\Local\Temp\si40.obj \
  dist/default/production\homework2020.X.production.obj 

Object code version is 3.11

Machine type is 18F45K22

Call graph: (short form)




                Name                               Link     Load   Length Selector   Space Scale
C:\Users\ABDULR~1\AppData\Local\Temp\si40.obj
                end_init                            168      168        4        4       0
                reset_vec                             0        0        4        0       0
                idloc                            200000   200000        8   200000       0
                config                           300000   300000        E   300000       0
dist/default/production\homework2020.X.production.obj
                intcode                               8        8      160        4       0
                mediumconst                        7DFE     7DFE      202     3EFF       0
                text9                               5D2      5D2       5C        4       0
                text8                               6A2      6A2       20        4       0
                text7                               716      716        A        4       0
                text6                               70C      70C        A        4       0
                text5                               6FE      6FE        E        4       0
                text4                               676      676       2C        4       0
                text3                               6D8      6D8       16        4       0
                text2                               6C2      6C2       16        4       0
                text1                               6EE      6EE       10        4       0
                text0                               16C      16C      466        4       0
                cstackCOMRAM                          1        1       29        1       1
                bssBANK1                            100      100       46      100       1
                bssBANK0                             60       60       73       60       1
                dataCOMRAM                           41       41        2        1       1
                bssCOMRAM                            2A       2A       16        1       1
                bitbssCOMRAM                        200       40        2        1       1     8
                cinit                               62E      62E       48        4       0
                idataCOMRAM                         720      720        2        4       0

TOTAL           Name                               Link     Load   Length     Space
        CLASS   STACK          

        CLASS   CODE           
                end_init                            168      168        4         0
                intcode                               8        8      160         0
                reset_vec                             0        0        4         0
                text9                               5D2      5D2       5C         0
                text8                               6A2      6A2       20         0
                text7                               716      716        A         0
                text6                               70C      70C        A         0
                text5                               6FE      6FE        E         0
                text4                               676      676       2C         0
                text3                               6D8      6D8       16         0
                text2                               6C2      6C2       16         0
                text1                               6EE      6EE       10         0
                text0                               16C      16C      466         0
                cinit                               62E      62E       48         0
                idataCOMRAM                         720      720        2         0

        CLASS   CONST          

        CLASS   SMALLCONST     

        CLASS   MEDIUMCONST    
                mediumconst                        7DFE     7DFE      202         0

        CLASS   COMRAM         
                cstackCOMRAM                          1        1       29         1
                dataCOMRAM                           41       41        2         1
                bssCOMRAM                            2A       2A       16         1
                bitbssCOMRAM                        200       40        2         1

        CLASS   ABS1           

        CLASS   BIGRAM         

        CLASS   RAM            

        CLASS   BANK0          
                bssBANK0                             60       60       73         1

        CLASS   BANK1          
                bssBANK1                            100      100       46         1

        CLASS   BANK2          

        CLASS   BANK3          

        CLASS   BANK4          

        CLASS   BANK5          

        CLASS   SFR            

        CLASS   FARRAM         

        CLASS   CONFIG         
                config                           300000   300000        E         0

        CLASS   IDLOC          
                idloc                            200000   200000        8         0

        CLASS   EEDATA         



SEGMENTS        Name                           Load    Length   Top    Selector   Space  Class

                reset_vec                      000000  000004  000004         0       0  CODE    
                cstackCOMRAM                   000001  000042  000043         1       1  COMRAM  
                intcode                        000008  00071A  000722         4       0  CODE    
                bssBANK0                       000060  000073  0000D3        60       1  BANK0   
                bssBANK1                       000100  000046  000146       100       1  BANK1   
                mediumconst                    007DFE  000202  008000      3EFF       0  MEDIUMCO
                idloc                          200000  000008  200008    200000       0  IDLOC   
                config                         300000  00000E  30000E    300000       0  CONFIG  


UNUSED ADDRESS RANGES

        Name                Unused          Largest block    Delta
        BANK0            0000D3-0000FF               2D
        BANK1            000146-0001FF               BA
        BANK2            000200-0002FF              100
        BANK3            000300-0003FF              100
        BANK4            000400-0004FF              100
        BANK5            000500-0005FF              100
        BIGRAM           000043-00005F               1D
                         0000D3-0000FF               2D
                         000146-0005FF              4BA
        CODE             000004-000007                4
                         000722-007DFD             76DC
        COMRAM           000043-00005F               1D
        CONST            000004-000007                4
                         000722-007DFD             76DC
        EEDATA           F00000-F000FF              100
        MEDIUMCONST      000722-007DFD             76DC
        RAM              0000D3-0000FF               2D
                         000146-0005FF              100
        SFR              000F38-000FFF               28
        SMALLCONST       000722-007DFD              100
        STACK            000146-0005FF              4BA

                                  Symbol Table

?_CRC16                       cstackCOMRAM 000011
CRC16@nData                   cstackCOMRAM 000011
CRC16@nTemp                   cstackCOMRAM 000017
CRC16@wCRCTable               mediumconst  007DFF
CRC16@wCRCWord                cstackCOMRAM 000018
CRC16@wLength                 cstackCOMRAM 000013
I2C_Read@buffer               cstackCOMRAM 000012
I2C_Read@flag                 cstackCOMRAM 000011
I2C_Start@slave_write_address cstackCOMRAM 000012
I2C_Write@data                cstackCOMRAM 000011
_ANSELC                       (abs)        000F3A
_BAUDCONbits                  (abs)        000FB8
_BCLIF                        (abs)        007D0B
_CRC16                        text9        0005D2
_GIE                          (abs)        007F97
_I2C_Ack                      text7        000716
_I2C_Init                     text8        0006A2
_I2C_Nack                     text6        00070C
_I2C_Read                     text4        000676
_I2C_Ready                    text5        0006FE
_I2C_Start                    text2        0006C2
_I2C_Stop                     text1        0006EE
_I2C_Write                    text3        0006D8
_PEIE                         (abs)        007F96
_PORTC                        (abs)        000F82
_PORTCbits                    (abs)        000F82
_RC1IF                        (abs)        007CF5
_RCIE                         (abs)        007CED
_RCIP                         (abs)        007CFD
_RCREG                        (abs)        000FAE
_RCSTAbits                    (abs)        000FAB
_SPBRG                        (abs)        000FAF
_SSPADD                       (abs)        000FC8
_SSPBUF                       (abs)        000FC9
_SSPCON1                      (abs)        000FC6
_SSPCON2                      (abs)        000FC5
_SSPCON2bits                  (abs)        000FC5
_SSPIE                        (abs)        007CEB
_SSPIF                        (abs)        007CF3
_SSPSTAT                      (abs)        000FC7
_SSPSTATbits                  (abs)        000FC7
_T0CON                        (abs)        000FD5
_TMR0                         (abs)        000FD6
_TMR0IE                       (abs)        007F95
_TMR0IF                       (abs)        007F92
_TRISC                        (abs)        000F94
_TRISC3                       (abs)        007CA3
_TRISC4                       (abs)        007CA4
_TXREG                        (abs)        000FAD
_TXSTAbits                    (abs)        000FAC
__CFG_FOSC$HSHP               (abs)        000000
__CFG_WDTEN$OFF               (abs)        000000
__HRAM                        (abs)        000000
__Habs1                       abs1         000000
__Hbank0                      bank0        000000
__Hbank1                      bank1        000000
__Hbank2                      bank2        000000
__Hbank3                      bank3        000000
__Hbank4                      bank4        000000
__Hbank5                      bank5        000000
__Hbigbss                     bigbss       000000
__Hbigdata                    bigdata      000000
__Hbigram                     bigram       000000
__HbitbssCOMRAM               bitbssCOMRAM 000000
__Hbss                        bss          000000
__HbssBANK0                   bssBANK0     000000
__HbssBANK1                   bssBANK1     000000
__HbssCOMRAM                  bssCOMRAM    000000
__Hcinit                      cinit        000000
__Hclrtext                    clrtext      000000
__Hcomram                     comram       000000
__Hconfig                     config       30000E
__Hconst                      const        000000
__HcstackCOMRAM               cstackCOMRAM 000000
__Hdata                       data         000000
__HdataCOMRAM                 dataCOMRAM   000000
__Heeprom_data                eeprom_data  000000
__Hend_init                   end_init     00016C
__Hfarbss                     farbss       000000
__Hfardata                    fardata      000000
__Hibigdata                   ibigdata     000000
__Hidata                      idata        000000
__HidataCOMRAM                idataCOMRAM  000000
__Hidloc                      idloc        200008
__Hifardata                   ifardata     000000
__Hinit                       init         000168
__Hintcode                    intcode      000168
__Hintcode_body               intcode_body 000000
__Hintcodelo                  intcodelo    000168
__Hintentry                   intentry     000000
__Hintret                     intret       000000
__Hintsave_regs               intsave_regs 000000
__Hirdata                     irdata       000000
__Hmediumconst                mediumconst  008000
__HnvFARRAM                   nvFARRAM     000000
__Hnvbit                      nvbit        000000
__Hnvrram                     nvrram       000000
__Hparam                      rparam       000000
__Hpowerup                    powerup      000168
__Hram                        ram          000000
__Hramtop                     ramtop       000600
__Hrbit                       rbit         000000
__Hrbss                       rbss         000000
__Hrdata                      rdata        000000
__Hreset_vec                  reset_vec    000004
__Hrparam                     rparam       000000
__Hsfr                        sfr          000000
__Hsmallconst                 smallconst   000000
__Hspace_0                    (abs)        30000E
__Hspace_1                    (abs)        000202
__Hspace_2                    (abs)        000000
__Hstack                      stack        000000
__Hstruct                     struct       000000
__Htemp                       temp         000000
__Htext                       text         000000
__Htext0                      text0        000000
__Htext1                      text1        000000
__Htext2                      text2        000000
__Htext3                      text3        000000
__Htext4                      text4        000000
__Htext5                      text5        000000
__Htext6                      text6        000000
__Htext7                      text7        000000
__Htext8                      text8        000000
__Htext9                      text9        000000
__LRAM                        (abs)        000001
__Labs1                       abs1         000000
__Lbank0                      bank0        000000
__Lbank1                      bank1        000000
__Lbank2                      bank2        000000
__Lbank3                      bank3        000000
__Lbank4                      bank4        000000
__Lbank5                      bank5        000000
__Lbigbss                     bigbss       000000
__Lbigdata                    bigdata      000000
__Lbigram                     bigram       000000
__LbitbssCOMRAM               bitbssCOMRAM 000000
__Lbss                        bss          000000
__LbssBANK0                   bssBANK0     000000
__LbssBANK1                   bssBANK1     000000
__LbssCOMRAM                  bssCOMRAM    000000
__Lcinit                      cinit        000000
__Lclrtext                    clrtext      000000
__Lcomram                     comram       000000
__Lconfig                     config       300000
__Lconst                      const        000000
__LcstackCOMRAM               cstackCOMRAM 000000
__Ldata                       data         000000
__LdataCOMRAM                 dataCOMRAM   000000
__Leeprom_data                eeprom_data  000000
__Lend_init                   end_init     000168
__Lfarbss                     farbss       000000
__Lfardata                    fardata      000000
__Libigdata                   ibigdata     000000
__Lidata                      idata        000000
__LidataCOMRAM                idataCOMRAM  000000
__Lidloc                      idloc        200000
__Lifardata                   ifardata     000000
__Linit                       init         000168
__Lintcode                    intcode      000008
__Lintcode_body               intcode_body 000000
__Lintcodelo                  intcodelo    000168
__Lintentry                   intentry     000000
__Lintret                     intret       000000
__Lintsave_regs               intsave_regs 000000
__Lirdata                     irdata       000000
__Lmediumconst                mediumconst  007DFE
__LnvFARRAM                   nvFARRAM     000000
__Lnvbit                      nvbit        000000
__Lnvrram                     nvrram       000000
__Lparam                      rparam       000000
__Lpowerup                    powerup      000168
__Lram                        ram          000000
__Lramtop                     ramtop       000600
__Lrbit                       rbit         000000
__Lrbss                       rbss         000000
__Lrdata                      rdata        000000
__Lreset_vec                  reset_vec    000000
__Lrparam                     rparam       000000
__Lsfr                        sfr          000000
__Lsmallconst                 smallconst   000000
__Lspace_0                    (abs)        000000
__Lspace_1                    (abs)        000000
__Lspace_2                    (abs)        000000
__Lstack                      stack        000000
__Lstruct                     struct       000000
__Ltemp                       temp         000000
__Ltext                       text         000000
__Ltext0                      text0        000000
__Ltext1                      text1        000000
__Ltext2                      text2        000000
__Ltext3                      text3        000000
__Ltext4                      text4        000000
__Ltext5                      text5        000000
__Ltext6                      text6        000000
__Ltext7                      text7        000000
__Ltext8                      text8        000000
__Ltext9                      text9        000000
__S0                          (abs)        30000E
__S1                          (abs)        000146
__S2                          (abs)        000000
___inthi_sp                   stack        000000
___intlo_sp                   stack        000000
___sp                         stack        000000
__accesstop                   (abs)        000060
__activetblptr                (abs)        000002
__end_ofCRC16@wCRCTable       mediumconst  007FFF
__end_of_CRC16                text9        00062E
__end_of_I2C_Ack              text7        000720
__end_of_I2C_Init             text8        0006C2
__end_of_I2C_Nack             text6        000716
__end_of_I2C_Read             text4        0006A2
__end_of_I2C_Ready            text5        00070C
__end_of_I2C_Start            text2        0006D8
__end_of_I2C_Stop             text1        0006FE
__end_of_I2C_Write            text3        0006EE
__end_of__initialization      cinit        00066C
__end_of_isr                  intcode      000168
__end_of_main                 text0        0005D2
__initialization              cinit        00062E
__mediumconst                 mediumconst  007DFE
__pbitbssCOMRAM               bitbssCOMRAM 000200
__pbssBANK0                   bssBANK0     000060
__pbssBANK1                   bssBANK1     000100
__pbssCOMRAM                  bssCOMRAM    00002A
__pcinit                      cinit        00062E
__pcstackCOMRAM               cstackCOMRAM 000001
__pdataCOMRAM                 dataCOMRAM   000041
__pidataCOMRAM                idataCOMRAM  000720
__pintcode                    intcode      000008
__pmediumconst                mediumconst  007DFE
__ptext0                      text0        00016C
__ptext1                      text1        0006EE
__ptext2                      text2        0006C2
__ptext3                      text3        0006D8
__ptext4                      text4        000676
__ptext5                      text5        0006FE
__ptext6                      text6        00070C
__ptext7                      text7        000716
__ptext8                      text8        0006A2
__ptext9                      text9        0005D2
__ramtop                      ramtop       000600
__size_of_CRC16               (abs)        000000
__size_of_I2C_Ack             (abs)        000000
__size_of_I2C_Init            (abs)        000000
__size_of_I2C_Nack            (abs)        000000
__size_of_I2C_Read            (abs)        000000
__size_of_I2C_Ready           (abs)        000000
__size_of_I2C_Start           (abs)        000000
__size_of_I2C_Stop            (abs)        000000
__size_of_I2C_Write           (abs)        000000
__size_of_isr                 (abs)        000000
__size_of_main                (abs)        000000
__smallconst                  smallconst   000000
_adr                          dataCOMRAM   000041
_isr                          intcode      000008
_main                         text0        00016C
_rcv_buf                      bssBANK0     000060
_rcv_cnt                      bssCOMRAM    00002A
_rcv_flag                     bitbssCOMRAM 000200
_rcv_len                      bssCOMRAM    00002C
_timeout_cnt                  bssCOMRAM    00002E
_tx_buf                       bssBANK0     00008D
_tx_cnt                       bssCOMRAM    000030
_tx_flag                      bitbssCOMRAM 000201
_tx_len                       bssCOMRAM    000032
_v1                           bssCOMRAM    00003C
_v2                           bssCOMRAM    000034
_v3                           bssCOMRAM    000036
_v4                           bssCOMRAM    000038
_v5                           bssCOMRAM    00003A
_v7                           bssBANK1     000100
_var2                         bssCOMRAM    00003D
_x                            bssCOMRAM    00003E
end_of_initialization         cinit        00066C
intlevel0                     text         000000
intlevel1                     text         000000
intlevel2                     text         000000
intlevel3                     text         000000
main@i                        cstackCOMRAM 000026
main@i_909                    cstackCOMRAM 000024
main@q                        cstackCOMRAM 000028
stackhi                       (abs)        0005FF
stacklo                       (abs)        000146
start                         init         000168
start_initialization          cinit        00062E


FUNCTION INFORMATION:

 *************** function _main *****************
 Defined at:
		line 45 in file "newmain.c"
 Parameters:    Size  Location     Type
  argc            2   25[COMRAM] int 
  argv            3   27[COMRAM] PTR PTR unsigned char 
 Auto vars:     Size  Location     Type
  i               2   35[COMRAM] int 
  q               2   39[COMRAM] int 
  i               2   37[COMRAM] int 
 Return value:  Size  Location     Type
                  2   25[COMRAM] int 
 Registers used:
		wreg, fsr1l, fsr1h, fsr2l, fsr2h, status,2, status,0, tblptrl, tblptrh, tblptru, prodl, prodh, cstack
 Tracked objects:
		On entry : 
		On exit  : 
		Unchanged: 
 Data sizes:     COMRAM   BANK0   BANK1   BANK2   BANK3   BANK4   BANK5
      Params:         5       0       0       0       0       0       0
      Locals:         6       0       0       0       0       0       0
      Temps:          5       0       0       0       0       0       0
      Totals:        16       0       0       0       0       0       0
Total ram usage:       16 bytes
 Hardware stack levels required when called:    4
 This function calls:
		_CRC16
		_I2C_Init
		_I2C_Read
		_I2C_Start
		_I2C_Stop
		_I2C_Write
 This function is called by:
		Startup code after reset
 This function uses a non-reentrant model


 *************** function _I2C_Stop *****************
 Defined at:
		line 347 in file "newmain.c"
 Parameters:    Size  Location     Type
		None
 Auto vars:     Size  Location     Type
		None
 Return value:  Size  Location     Type
                  1    wreg      unsigned char 
 Registers used:
		wreg, cstack
 Tracked objects:
		On entry : 
		On exit  : 
		Unchanged: 
 Data sizes:     COMRAM   BANK0   BANK1   BANK2   BANK3   BANK4   BANK5
      Params:         0       0       0       0       0       0       0
      Locals:         0       0       0       0       0       0       0
      Temps:          0       0       0       0       0       0       0
      Totals:         0       0       0       0       0       0       0
Total ram usage:        0 bytes
 Hardware stack levels used:    1
 Hardware stack levels required when called:    2
 This function calls:
		_I2C_Ready
 This function is called by:
		_main
 This function uses a non-reentrant model


 *************** function _I2C_Start *****************
 Defined at:
		line 320 in file "newmain.c"
 Parameters:    Size  Location     Type
  slave_write_    1    wreg     unsigned char 
 Auto vars:     Size  Location     Type
  slave_write_    1   17[COMRAM] unsigned char 
 Return value:  Size  Location     Type
                  1    wreg      unsigned char 
 Registers used:
		wreg, status,2, cstack
 Tracked objects:
		On entry : 
		On exit  : 
		Unchanged: 
 Data sizes:     COMRAM   BANK0   BANK1   BANK2   BANK3   BANK4   BANK5
      Params:         0       0       0       0       0       0       0
      Locals:         1       0       0       0       0       0       0
      Temps:          0       0       0       0       0       0       0
      Totals:         1       0       0       0       0       0       0
Total ram usage:        1 bytes
 Hardware stack levels used:    1
 Hardware stack levels required when called:    3
 This function calls:
		_I2C_Write
 This function is called by:
		_main
 This function uses a non-reentrant model


 *************** function _I2C_Write *****************
 Defined at:
		line 338 in file "newmain.c"
 Parameters:    Size  Location     Type
  data            1    wreg     unsigned char 
 Auto vars:     Size  Location     Type
  data            1   16[COMRAM] unsigned char 
 Return value:  Size  Location     Type
                  1    wreg      unsigned char 
 Registers used:
		wreg, cstack
 Tracked objects:
		On entry : 
		On exit  : 
		Unchanged: 
 Data sizes:     COMRAM   BANK0   BANK1   BANK2   BANK3   BANK4   BANK5
      Params:         0       0       0       0       0       0       0
      Locals:         1       0       0       0       0       0       0
      Temps:          0       0       0       0       0       0       0
      Totals:         1       0       0       0       0       0       0
Total ram usage:        1 bytes
 Hardware stack levels used:    1
 Hardware stack levels required when called:    2
 This function calls:
		_I2C_Ready
 This function is called by:
		_main
		_I2C_Start
 This function uses a non-reentrant model


 *************** function _I2C_Read *****************
 Defined at:
		line 357 in file "newmain.c"
 Parameters:    Size  Location     Type
  flag            1    wreg     unsigned char 
 Auto vars:     Size  Location     Type
  flag            1   16[COMRAM] unsigned char 
  buffer          2   17[COMRAM] int 
 Return value:  Size  Location     Type
                  1    wreg      unsigned char 
 Registers used:
		wreg, status,2, cstack
 Tracked objects:
		On entry : 
		On exit  : 
		Unchanged: 
 Data sizes:     COMRAM   BANK0   BANK1   BANK2   BANK3   BANK4   BANK5
      Params:         0       0       0       0       0       0       0
      Locals:         3       0       0       0       0       0       0
      Temps:          0       0       0       0       0       0       0
      Totals:         3       0       0       0       0       0       0
Total ram usage:        3 bytes
 Hardware stack levels used:    1
 Hardware stack levels required when called:    2
 This function calls:
		_I2C_Ack
		_I2C_Nack
		_I2C_Ready
 This function is called by:
		_main
 This function uses a non-reentrant model


 *************** function _I2C_Ready *****************
 Defined at:
		line 330 in file "newmain.c"
 Parameters:    Size  Location     Type
		None
 Auto vars:     Size  Location     Type
		None
 Return value:  Size  Location     Type
		None               void
 Registers used:
		None
 Tracked objects:
		On entry : 
		On exit  : 
		Unchanged: 
 Data sizes:     COMRAM   BANK0   BANK1   BANK2   BANK3   BANK4   BANK5
      Params:         0       0       0       0       0       0       0
      Locals:         0       0       0       0       0       0       0
      Temps:          0       0       0       0       0       0       0
      Totals:         0       0       0       0       0       0       0
Total ram usage:        0 bytes
 Hardware stack levels used:    1
 Hardware stack levels required when called:    1
 This function calls:
		Nothing
 This function is called by:
		_I2C_Write
		_I2C_Stop
		_I2C_Read
 This function uses a non-reentrant model


 *************** function _I2C_Nack *****************
 Defined at:
		line 383 in file "newmain.c"
 Parameters:    Size  Location     Type
		None
 Auto vars:     Size  Location     Type
		None
 Return value:  Size  Location     Type
		None               void
 Registers used:
		None
 Tracked objects:
		On entry : 
		On exit  : 
		Unchanged: 
 Data sizes:     COMRAM   BANK0   BANK1   BANK2   BANK3   BANK4   BANK5
      Params:         0       0       0       0       0       0       0
      Locals:         0       0       0       0       0       0       0
      Temps:          0       0       0       0       0       0       0
      Totals:         0       0       0       0       0       0       0
Total ram usage:        0 bytes
 Hardware stack levels used:    1
 Hardware stack levels required when called:    1
 This function calls:
		Nothing
 This function is called by:
		_I2C_Read
 This function uses a non-reentrant model


 *************** function _I2C_Ack *****************
 Defined at:
		line 377 in file "newmain.c"
 Parameters:    Size  Location     Type
		None
 Auto vars:     Size  Location     Type
		None
 Return value:  Size  Location     Type
		None               void
 Registers used:
		None
 Tracked objects:
		On entry : 
		On exit  : 
		Unchanged: 
 Data sizes:     COMRAM   BANK0   BANK1   BANK2   BANK3   BANK4   BANK5
      Params:         0       0       0       0       0       0       0
      Locals:         0       0       0       0       0       0       0
      Temps:          0       0       0       0       0       0       0
      Totals:         0       0       0       0       0       0       0
Total ram usage:        0 bytes
 Hardware stack levels used:    1
 Hardware stack levels required when called:    1
 This function calls:
		Nothing
 This function is called by:
		_I2C_Read
 This function uses a non-reentrant model


 *************** function _I2C_Init *****************
 Defined at:
		line 306 in file "newmain.c"
 Parameters:    Size  Location     Type
		None
 Auto vars:     Size  Location     Type
		None
 Return value:  Size  Location     Type
		None               void
 Registers used:
		wreg, status,2
 Tracked objects:
		On entry : 
		On exit  : 
		Unchanged: 
 Data sizes:     COMRAM   BANK0   BANK1   BANK2   BANK3   BANK4   BANK5
      Params:         0       0       0       0       0       0       0
      Locals:         0       0       0       0       0       0       0
      Temps:          0       0       0       0       0       0       0
      Totals:         0       0       0       0       0       0       0
Total ram usage:        0 bytes
 Hardware stack levels used:    1
 Hardware stack levels required when called:    1
 This function calls:
		Nothing
 This function is called by:
		_main
 This function uses a non-reentrant model


 *************** function _CRC16 *****************
 Defined at:
		line 258 in file "newmain.c"
 Parameters:    Size  Location     Type
  nData           2   16[COMRAM] PTR const unsigned char 
		 -> tx_buf(70), 
  wLength         2   18[COMRAM] unsigned int 
 Auto vars:     Size  Location     Type
  wCRCWord        2   23[COMRAM] unsigned int 
  nTemp           1   22[COMRAM] unsigned char 
 Return value:  Size  Location     Type
                  2   16[COMRAM] unsigned int 
 Registers used:
		wreg, fsr2l, fsr2h, status,2, status,0, tblptrl, tblptrh, tblptru, prodl, prodh
 Tracked objects:
		On entry : 
		On exit  : 
		Unchanged: 
 Data sizes:     COMRAM   BANK0   BANK1   BANK2   BANK3   BANK4   BANK5
      Params:         4       0       0       0       0       0       0
      Locals:         3       0       0       0       0       0       0
      Temps:          2       0       0       0       0       0       0
      Totals:         9       0       0       0       0       0       0
Total ram usage:        9 bytes
 Hardware stack levels used:    1
 Hardware stack levels required when called:    1
 This function calls:
		Nothing
 This function is called by:
		_main
 This function uses a non-reentrant model


 *************** function _isr *****************
 Defined at:
		line 205 in file "newmain.c"
 Parameters:    Size  Location     Type
		None
 Auto vars:     Size  Location     Type
		None
 Return value:  Size  Location     Type
		None               void
 Registers used:
		wreg, fsr2l, fsr2h, status,2, status,0
 Tracked objects:
		On entry : 
		On exit  : 
		Unchanged: 
 Data sizes:     COMRAM   BANK0   BANK1   BANK2   BANK3   BANK4   BANK5
      Params:         0       0       0       0       0       0       0
      Locals:         0       0       0       0       0       0       0
      Temps:         16       0       0       0       0       0       0
      Totals:        16       0       0       0       0       0       0
Total ram usage:       16 bytes
 Hardware stack levels used:    1
 This function calls:
		Nothing
 This function is called by:
		Interrupt level 2
 This function uses a non-reentrant model



MODULE INFORMATION

Module		Function		Class		Link	Load	Size
newmain.c
		_main          		CODE           	016C	0000	1126
		_I2C_Write     		CODE           	06D8	0000	22
		_I2C_Stop      		CODE           	06EE	0000	16
		_I2C_Read      		CODE           	0676	0000	44
		_I2C_Ready     		CODE           	06FE	0000	14
		_isr           		CODE           	0008	0000	352
		_I2C_Init      		CODE           	06A2	0000	32
		_I2C_Ack       		CODE           	0716	0000	10
		_I2C_Nack      		CODE           	070C	0000	10
		_I2C_Start     		CODE           	06C2	0000	22
		_CRC16         		CODE           	05D2	0000	92

newmain.c estimated size: 1740

shared
		CRC16@wCRCTable		MEDIUMCONST    	7DFF	0000	512
		__initializatio		CODE           	062E	0000	62

shared estimated size: 574

